The factorial of 6 is: 720
6 is not a prime number
