The factorial of 11 is: 39916800
11 is a prime number
