The factorial of 20 is: 2432902008176640000
20 is not a prime number
